// Jest Snapshot v1, https://goo.gl/fbAQLP

exports[`Note Component Renders Note card 1`] = `
<li
  className="note-item"
  key="d26e12c2-ffaf-11e8-8eb2-f2801f1b9fd1"
  style={
    Object {
      "listStyle": "none",
    }
  }
>
  <h2
    className="note-title"
  >
    <NavLink
      key="d26e12c2-ffaf-11e8-8eb2-f2801f1b9fd1"
      to="/note/d26e12c2-ffaf-11e8-8eb2-f2801f1b9fd1"
    >
      Turtles
    </NavLink>
  </h2>
  <p
    className="date"
  >
    Modified: 
    11th Sep 2018
  </p>
  <button
    onClick={[Function]}
    type="button"
  >
    DELETE
  </button>
</li>
`;
